G:\work\dcc_v5\implementation\system.ngc 1228255976
G:/work/dcc_v5/implementation/microblaze_0_wrapper.ngc 1228254723
G:/work/dcc_v5/implementation/mb_plb_wrapper.ngc 1228254789
G:/work/dcc_v5/implementation/ilmb_wrapper.ngc 1228254810
G:/work/dcc_v5/implementation/dlmb_wrapper.ngc 1228254837
G:/work/dcc_v5/implementation/dlmb_cntlr_wrapper.ngc 1228254862
G:/work/dcc_v5/implementation/ilmb_cntlr_wrapper.ngc 1228254890
G:/work/dcc_v5/implementation/lmb_bram_wrapper.ngc 1228254917
G:/work/dcc_v5/implementation/rs232_uart_1_wrapper.ngc 1228255772
G:/work/dcc_v5/implementation/ddr2_sdram_wrapper.ngc 1228255785
G:/work/dcc_v5/implementation/clock_generator_0_wrapper.ngc 1228255615
G:/work/dcc_v5/implementation/debug_module_wrapper.ngc 1228255642
G:/work/dcc_v5/implementation/proc_sys_reset_0_wrapper.ngc 1228255665
G:/work/dcc_v5/implementation/aes_accel_0_to_microblaze_0_wrapper.ngc 1228255794
G:/work/dcc_v5/implementation/aes_accel_0_wrapper.ngc 1228254498
G:/work/dcc_v5/implementation/microblaze_0_to_aes_accel_0_wrapper.ngc 1228255803
G:/work/dcc_v5/implementation/tlb_bram_0_to_microblaze_0_wrapper.ngc 1228255811
G:/work/dcc_v5/implementation/tlb_bram_0_wrapper.ngc 1228254498
G:/work/dcc_v5/implementation/microblaze_0_to_tlb_bram_0_wrapper.ngc 1228255820
OK
